// Jest Snapshot v1, https://goo.gl/fbAQLP

exports[`Game component Snapshot test 1`] = `
<div>
  <div>
    <div>
      Superman
      <span
        aria-disabled={false}
        className="MuiButtonBase-root MuiIconButton-root PrivateSwitchBase-root-9 MuiCheckbox-root Component-root-1"
        onBlur={[Function]}
        onClick={undefined}
        onDragLeave={[Function]}
        onFocus={[Function]}
        onKeyDown={[Function]}
        onKeyUp={[Function]}
        onMouseDown={[Function]}
        onMouseLeave={[Function]}
        onMouseUp={[Function]}
        onTouchEnd={[Function]}
        onTouchMove={[Function]}
        onTouchStart={[Function]}
        role={undefined}
        tabIndex={null}
      >
        <span
          className="MuiIconButton-label"
        >
          <input
            autoFocus={undefined}
            checked={undefined}
            className="PrivateSwitchBase-input-12"
            data-indeterminate={false}
            defaultChecked={undefined}
            disabled={undefined}
            id="superman"
            name={undefined}
            onChange={[Function]}
            readOnly={undefined}
            required={undefined}
            tabIndex={undefined}
            type="checkbox"
            value={undefined}
          />
          <svg
            aria-hidden="true"
            className="MuiSvgIcon-root"
            color={undefined}
            focusable="false"
            role="presentation"
            viewBox="0 0 24 24"
          >
            <path
              d="M19 5v14H5V5h14m0-2H5c-1.1 0-2 .9-2 2v14c0 1.1.9 2 2 2h14c1.1 0 2-.9 2-2V5c0-1.1-.9-2-2-2z"
            />
          </svg>
        </span>
      </span>
    </div>
    <div>
      width: 
      <input
        defaultValue={8}
        id="width"
        max="300"
        min="1"
        required={true}
        type="number"
      />
      height: 
      <input
        defaultValue={8}
        id="height"
        max="300"
        min="1"
        required={true}
        type="number"
      />
      mines: 
      <input
        defaultValue={10}
        id="mines"
        min="0"
        required={true}
        type="number"
      />
      <button
        className="MuiButtonBase-root MuiButton-root WithStyles(ForwardRef(Button))-root-34 MuiButton-contained"
        disabled={false}
        onBlur={[Function]}
        onClick={[Function]}
        onDragLeave={[Function]}
        onFocus={[Function]}
        onKeyDown={[Function]}
        onKeyUp={[Function]}
        onMouseDown={[Function]}
        onMouseLeave={[Function]}
        onMouseUp={[Function]}
        onTouchEnd={[Function]}
        onTouchMove={[Function]}
        onTouchStart={[Function]}
        tabIndex={0}
        type="button"
      >
        <span
          className="MuiButton-label"
        >
          New Game
        </span>
      </button>
    </div>
    <div
      className="error"
    >
      
    </div>
  </div>
  <br />
  <div
    className="board"
  >
    <div>
      <div>
        <div>
          Remaining Flags: 
          10
        </div>
        <br />
        <h1
          className="loseColor"
        >
           
        </h1>
      </div>
      <br />
      <div>
        <table>
          <tbody>
            <tr>
              <td
                className="hidden"
              >
                <div
                  className="cell"
                  onClick={[Function]}
                />
              </td>
              <td
                className="hidden"
              >
                <div
                  className="cell"
                  onClick={[Function]}
                />
              </td>
              <td
                className="hidden"
              >
                <div
                  className="cell"
                  onClick={[Function]}
                />
              </td>
              <td
                className="hidden"
              >
                <div
                  className="cell"
                  onClick={[Function]}
                />
              </td>
              <td
                className="hidden"
              >
                <div
                  className="cell"
                  onClick={[Function]}
                />
              </td>
              <td
                className="hidden"
              >
                <div
                  className="cell"
                  onClick={[Function]}
                />
              </td>
              <td
                className="hidden"
              >
                <div
                  className="cell"
                  onClick={[Function]}
                />
              </td>
              <td
                className="hidden"
              >
                <div
                  className="cell"
                  onClick={[Function]}
                />
              </td>
            </tr>
            <tr>
              <td
                className="hidden"
              >
                <div
                  className="cell"
                  onClick={[Function]}
                />
              </td>
              <td
                className="hidden"
              >
                <div
                  className="cell"
                  onClick={[Function]}
                />
              </td>
              <td
                className="hidden"
              >
                <div
                  className="cell"
                  onClick={[Function]}
                />
              </td>
              <td
                className="hidden"
              >
                <div
                  className="cell"
                  onClick={[Function]}
                />
              </td>
              <td
                className="hidden"
              >
                <div
                  className="cell"
                  onClick={[Function]}
                />
              </td>
              <td
                className="hidden"
              >
                <div
                  className="cell"
                  onClick={[Function]}
                />
              </td>
              <td
                className="hidden"
              >
                <div
                  className="cell"
                  onClick={[Function]}
                />
              </td>
              <td
                className="hidden"
              >
                <div
                  className="cell"
                  onClick={[Function]}
                />
              </td>
            </tr>
            <tr>
              <td
                className="hidden"
              >
                <div
                  className="cell"
                  onClick={[Function]}
                />
              </td>
              <td
                className="hidden"
              >
                <div
                  className="cell"
                  onClick={[Function]}
                />
              </td>
              <td
                className="hidden"
              >
                <div
                  className="cell"
                  onClick={[Function]}
                />
              </td>
              <td
                className="hidden"
              >
                <div
                  className="cell"
                  onClick={[Function]}
                />
              </td>
              <td
                className="hidden"
              >
                <div
                  className="cell"
                  onClick={[Function]}
                />
              </td>
              <td
                className="hidden"
              >
                <div
                  className="cell"
                  onClick={[Function]}
                />
              </td>
              <td
                className="hidden"
              >
                <div
                  className="cell"
                  onClick={[Function]}
                />
              </td>
              <td
                className="hidden"
              >
                <div
                  className="cell"
                  onClick={[Function]}
                />
              </td>
            </tr>
            <tr>
              <td
                className="hidden"
              >
                <div
                  className="cell"
                  onClick={[Function]}
                />
              </td>
              <td
                className="hidden"
              >
                <div
                  className="cell"
                  onClick={[Function]}
                />
              </td>
              <td
                className="hidden"
              >
                <div
                  className="cell"
                  onClick={[Function]}
                />
              </td>
              <td
                className="hidden"
              >
                <div
                  className="cell"
                  onClick={[Function]}
                />
              </td>
              <td
                className="hidden"
              >
                <div
                  className="cell"
                  onClick={[Function]}
                />
              </td>
              <td
                className="hidden"
              >
                <div
                  className="cell"
                  onClick={[Function]}
                />
              </td>
              <td
                className="hidden"
              >
                <div
                  className="cell"
                  onClick={[Function]}
                />
              </td>
              <td
                className="hidden"
              >
                <div
                  className="cell"
                  onClick={[Function]}
                />
              </td>
            </tr>
            <tr>
              <td
                className="hidden"
              >
                <div
                  className="cell"
                  onClick={[Function]}
                />
              </td>
              <td
                className="hidden"
              >
                <div
                  className="cell"
                  onClick={[Function]}
                />
              </td>
              <td
                className="hidden"
              >
                <div
                  className="cell"
                  onClick={[Function]}
                />
              </td>
              <td
                className="hidden"
              >
                <div
                  className="cell"
                  onClick={[Function]}
                />
              </td>
              <td
                className="hidden"
              >
                <div
                  className="cell"
                  onClick={[Function]}
                />
              </td>
              <td
                className="hidden"
              >
                <div
                  className="cell"
                  onClick={[Function]}
                />
              </td>
              <td
                className="hidden"
              >
                <div
                  className="cell"
                  onClick={[Function]}
                />
              </td>
              <td
                className="hidden"
              >
                <div
                  className="cell"
                  onClick={[Function]}
                />
              </td>
            </tr>
            <tr>
              <td
                className="hidden"
              >
                <div
                  className="cell"
                  onClick={[Function]}
                />
              </td>
              <td
                className="hidden"
              >
                <div
                  className="cell"
                  onClick={[Function]}
                />
              </td>
              <td
                className="hidden"
              >
                <div
                  className="cell"
                  onClick={[Function]}
                />
              </td>
              <td
                className="hidden"
              >
                <div
                  className="cell"
                  onClick={[Function]}
                />
              </td>
              <td
                className="hidden"
              >
                <div
                  className="cell"
                  onClick={[Function]}
                />
              </td>
              <td
                className="hidden"
              >
                <div
                  className="cell"
                  onClick={[Function]}
                />
              </td>
              <td
                className="hidden"
              >
                <div
                  className="cell"
                  onClick={[Function]}
                />
              </td>
              <td
                className="hidden"
              >
                <div
                  className="cell"
                  onClick={[Function]}
                />
              </td>
            </tr>
            <tr>
              <td
                className="hidden"
              >
                <div
                  className="cell"
                  onClick={[Function]}
                />
              </td>
              <td
                className="hidden"
              >
                <div
                  className="cell"
                  onClick={[Function]}
                />
              </td>
              <td
                className="hidden"
              >
                <div
                  className="cell"
                  onClick={[Function]}
                />
              </td>
              <td
                className="hidden"
              >
                <div
                  className="cell"
                  onClick={[Function]}
                />
              </td>
              <td
                className="hidden"
              >
                <div
                  className="cell"
                  onClick={[Function]}
                />
              </td>
              <td
                className="hidden"
              >
                <div
                  className="cell"
                  onClick={[Function]}
                />
              </td>
              <td
                className="hidden"
              >
                <div
                  className="cell"
                  onClick={[Function]}
                />
              </td>
              <td
                className="hidden"
              >
                <div
                  className="cell"
                  onClick={[Function]}
                />
              </td>
            </tr>
            <tr>
              <td
                className="hidden"
              >
                <div
                  className="cell"
                  onClick={[Function]}
                />
              </td>
              <td
                className="hidden"
              >
                <div
                  className="cell"
                  onClick={[Function]}
                />
              </td>
              <td
                className="hidden"
              >
                <div
                  className="cell"
                  onClick={[Function]}
                />
              </td>
              <td
                className="hidden"
              >
                <div
                  className="cell"
                  onClick={[Function]}
                />
              </td>
              <td
                className="hidden"
              >
                <div
                  className="cell"
                  onClick={[Function]}
                />
              </td>
              <td
                className="hidden"
              >
                <div
                  className="cell"
                  onClick={[Function]}
                />
              </td>
              <td
                className="hidden"
              >
                <div
                  className="cell"
                  onClick={[Function]}
                />
              </td>
              <td
                className="hidden"
              >
                <div
                  className="cell"
                  onClick={[Function]}
                />
              </td>
            </tr>
          </tbody>
        </table>
      </div>
    </div>
  </div>
</div>
`;
